[2026-02-14 01:30:03.179] [Telegram] 충돌 감지: 다른 인스턴스가 봇을 사용 중이어서 폴링을 중단합니다.
[2026-02-14 03:34:12.274] [Telegram] 충돌 감지: 다른 인스턴스가 봇을 사용 중이어서 폴링을 중단합니다.
[2026-02-14 03:54:44.189] [Telegram] 충돌 감지: 다른 인스턴스가 봇을 사용 중이어서 폴링을 중단합니다.
[2026-02-14 11:00:29.283] [Telegram] 충돌 감지: 다른 인스턴스가 봇을 사용 중이어서 폴링을 중단합니다.
[2026-02-14 13:48:21.085] 초기 자산 조회 실패 또는 자산 없음 (0원으로 설정)
[2026-02-14 13:48:21.097] 시스템 시작
[2026-02-14 13:48:21.096] 모니터링 주기 시작...
[2026-02-14 13:48:21.101] 운용 계좌: 50158781 [모의투자]
[2026-02-14 13:48:21.101] [Telegram] 메시지 발송: 🟢 [시스템 시작] 자동매매가 시작되었습니다. | 초기 자산: 0원 | 현재 예수금: 0원 |  | 📋 [보유 종목] 없음 |  | [HTS | 모의 50158781]
[2026-02-14 13:48:21.105] 시스템 상태: WAITING (거래 시간 외)
[2026-02-14 13:48:21.110] 모니터링 완료. 대기 중...
[2026-02-14 13:48:22.024] [Telegram] 전송 성공
[2026-02-14 13:48:28.016] [API] 잔고 조회 실패:  ()
[2026-02-14 13:51:21.824] 모니터링 주기 시작...
[2026-02-14 13:51:21.836] 운용 계좌: 50158781 [모의투자]
[2026-02-14 13:51:21.842] 시스템 상태: WAITING (거래 시간 외)
[2026-02-14 13:51:21.847] 모니터링 완료. 대기 중...
[2026-02-14 13:54:22.568] 모니터링 주기 시작...
[2026-02-14 13:54:22.579] 운용 계좌: 50158781 [모의투자]
[2026-02-14 13:54:22.586] 시스템 상태: WAITING (거래 시간 외)
[2026-02-14 13:54:22.592] 모니터링 완료. 대기 중...
[2026-02-14 13:57:23.822] 모니터링 주기 시작...
[2026-02-14 13:57:23.832] 운용 계좌: 50158781 [모의투자]
[2026-02-14 13:57:23.838] 시스템 상태: WAITING (거래 시간 외)
[2026-02-14 13:57:23.844] 모니터링 완료. 대기 중...
[2026-02-14 14:00:25.235] 모니터링 주기 시작...
[2026-02-14 14:00:25.242] 운용 계좌: 50158781 [모의투자]
[2026-02-14 14:00:25.248] 시스템 상태: WAITING (거래 시간 외)
[2026-02-14 14:00:25.253] 모니터링 완료. 대기 중...
[2026-02-14 14:03:26.631] 모니터링 주기 시작...
[2026-02-14 14:03:26.642] 운용 계좌: 50158781 [모의투자]
[2026-02-14 14:03:26.648] 시스템 상태: WAITING (거래 시간 외)
[2026-02-14 14:03:26.653] 모니터링 완료. 대기 중...
[2026-02-14 14:06:28.120] 모니터링 주기 시작...
[2026-02-14 14:06:28.130] 운용 계좌: 50158781 [모의투자]
[2026-02-14 14:06:28.135] 시스템 상태: WAITING (거래 시간 외)
[2026-02-14 14:06:28.140] 모니터링 완료. 대기 중...
[2026-02-14 14:09:29.702] 모니터링 주기 시작...
[2026-02-14 14:09:29.712] 운용 계좌: 50158781 [모의투자]
[2026-02-14 14:09:29.717] 시스템 상태: WAITING (거래 시간 외)
[2026-02-14 14:09:29.723] 모니터링 완료. 대기 중...
[2026-02-14 14:12:31.195] 모니터링 주기 시작...
[2026-02-14 14:12:31.206] 운용 계좌: 50158781 [모의투자]
[2026-02-14 14:12:31.211] 시스템 상태: WAITING (거래 시간 외)
[2026-02-14 14:12:31.216] 모니터링 완료. 대기 중...
[2026-02-14 14:15:32.589] 모니터링 주기 시작...
[2026-02-14 14:15:32.600] 운용 계좌: 50158781 [모의투자]
[2026-02-14 14:15:32.607] 시스템 상태: WAITING (거래 시간 외)
[2026-02-14 14:15:32.612] 모니터링 완료. 대기 중...
[2026-02-14 14:18:34.058] 모니터링 주기 시작...
[2026-02-14 14:18:34.070] 운용 계좌: 50158781 [모의투자]
[2026-02-14 14:18:34.077] 시스템 상태: WAITING (거래 시간 외)
[2026-02-14 14:18:34.083] 모니터링 완료. 대기 중...
[2026-02-14 14:21:35.491] 모니터링 주기 시작...
[2026-02-14 14:21:35.500] 운용 계좌: 50158781 [모의투자]
[2026-02-14 14:21:35.507] 시스템 상태: WAITING (거래 시간 외)
[2026-02-14 14:21:35.514] 모니터링 완료. 대기 중...
[2026-02-14 14:24:06.492] [Telegram] 메시지 발송: 🤖 [시스템 트레이딩 봇 도움말] |  | • /help : 명령어 목록 확인 | • /start : 시스템 트레이딩 시작 | • /stop : 시스템 트레이딩 중단 | • /status : 시스템 트레이딩 상태 조회 | • /market : 주요 시장 지수 현황 | • /signal <종목> : 종목 기술적 분석 및 진단 | • /chart <종목> : 기술적 분석 차트 이미지 전송 | • /stocks : 현재 감시 중인 관심 종목 리스트 | • /config : 현재 매매 전략 설정값 조회 | • /history [개수] : 최근 체결 내역 조회 (기본 10건) | • /log [줄수] : 최근 시스템 로그 조회 (기본 10줄) |  | [HTS | 모의 50158781]
[2026-02-14 14:24:07.536] [Telegram] 전송 성공
[2026-02-14 14:24:17.549] [Telegram] 메시지 발송: ⚠️ 이미 시스템 트레이딩이 실행 중입니다. |  | [HTS | 모의 50158781]
[2026-02-14 14:24:18.582] [Telegram] 전송 성공
[2026-02-14 14:24:23.864] 시스템 중단
[2026-02-14 14:24:24.638] [API] 잔고 조회 실패:  ()
[2026-02-14 14:24:24.646] [Telegram] 메시지 발송: ⚪️ [시스템 종료] 자동매매가 종료되었습니다. | 시작 자산: 0원 | 종료 자산: 0원 | 최종 예수금: 0원 | 금일 손익: +0원 (+0.00%) |  | 📋 [최종 보유 종목] 없음 |  | [HTS | 모의 50158781]
[2026-02-14 14:24:25.940] [Telegram] 전송 중 오류 발생(1/3): HTTPSConnectionPool(host='api.telegram.org', port=443): Read timed out. (read timeout=1.0)
[2026-02-14 14:24:28.005] [Telegram] 전송 성공
[2026-02-14 16:22:32.467] 초기 자산 조회 실패 또는 자산 없음 (0원으로 설정)
[2026-02-14 16:22:32.485] 모니터링 주기 시작...
[2026-02-14 16:22:32.487] 시스템 시작
[2026-02-14 16:22:32.504] 운용 계좌: 68029263 [실전투자(자동)]
[2026-02-14 16:22:32.505] [Telegram] 메시지 발송: 🟢 [시스템 시작] 자동매매가 시작되었습니다. | 초기 자산: 0원 | 현재 예수금: 0원 | 현재 평가: 4,927,554원 (손익: -4,231원) |  | 📋 [보유 종목 현황] | • 서울식품 (1주) |   현재가: 144원 | 평가: 144원 |   손익: -1원 (-0.68%) | • 삼성SDI (13주) |   현재가: 374,500원 | 평가: 4,868,500원 |   손익: -6,500원 (-0.13%) | • TIGER 코리아TOP10 (2주) |   현재가: 29,455원 | 평가: 58,910원 |   손익: +2,270원 (+4.00%) |  | [HTS | 자동 68029263]
[2026-02-14 16:22:32.509] 시스템 상태: WAITING (거래 시간 외)
[2026-02-14 16:22:32.512] 모니터링 완료. 대기 중...
[2026-02-14 16:22:33.422] [Telegram] 전송 성공
[2026-02-14 16:22:47.555] [API] 서버 연결 끊김 감지. 0.5초 후 재시도합니다 (1/1)...
[2026-02-14 16:22:58.271] [API] 서버 연결 끊김 감지. 0.5초 후 재시도합니다 (1/1)...
[2026-02-14 16:23:14.298] [API] 서버 연결 끊김 감지. 0.5초 후 재시도합니다 (1/1)...
[2026-02-14 16:23:35.228] [API] 서버 연결 끊김 감지. 0.5초 후 재시도합니다 (1/1)...
[2026-02-14 16:23:56.131] [API] 서버 연결 끊김 감지. 0.5초 후 재시도합니다 (1/1)...
[2026-02-14 16:24:01.743] [API] 서버 연결 끊김 감지. 0.5초 후 재시도합니다 (1/1)...
[2026-02-14 16:24:07.370] [API] 서버 연결 끊김 감지. 0.5초 후 재시도합니다 (1/1)...
[2026-02-14 16:25:33.167] 모니터링 주기 시작...
[2026-02-14 16:25:33.174] 운용 계좌: 68029263 [실전투자(자동)]
[2026-02-14 16:25:33.180] 시스템 상태: WAITING (거래 시간 외)
[2026-02-14 16:25:33.184] 모니터링 완료. 대기 중...
[2026-02-14 16:26:07.331] 시스템 중단
[2026-02-14 16:26:07.507] [Telegram] 메시지 발송: ⚪️ [시스템 종료] 자동매매가 종료되었습니다. | 시작 자산: 0원 | 종료 자산: 4,927,554원 | 최종 예수금: 0원 | 금일 손익: +4,927,554원 (+0.00%) |  | 📋 [최종 보유 종목 현황] | • 서울식품 (1주) |   현재가: 144원 | 평가: 144원 |   손익: -1원 (-0.68%) | • 삼성SDI (13주) |   현재가: 374,500원 | 평가: 4,868,500원 |   손익: -6,500원 (-0.13%) | • TIGER 코리아TOP10 (2주) |   현재가: 29,455원 | 평가: 58,910원 |   손익: +2,270원 (+4.00%) |  | [HTS | 자동 68029263]
[2026-02-14 16:26:08.415] [Telegram] 전송 성공
[2026-02-14 16:26:25.304] 시스템 시작 자산: 4,929,185원
[2026-02-14 16:26:25.314] 시스템 시작
[2026-02-14 16:26:25.312] 모니터링 주기 시작...
[2026-02-14 16:26:25.318] 운용 계좌: 68029263 [실전투자(자동)]
[2026-02-14 16:26:25.318] [Telegram] 메시지 발송: 🟢 [시스템 시작] 자동매매가 시작되었습니다. | 초기 자산: 4,929,185원 | 현재 예수금: 1,631원 | 현재 평가: 4,927,554원 (손익: -4,231원) |  | 📋 [보유 종목 현황] | • 서울식품 (1주) |   현재가: 144원 | 평가: 144원 |   손익: -1원 (-0.68%) | • 삼성SDI (13주) |   현재가: 374,500원 | 평가: 4,868,500원 |   손익: -6,500원 (-0.13%) | • TIGER 코리아TOP10 (2주) |   현재가: 29,455원 | 평가: 58,910원 |   손익: +2,270원 (+4.00%) |  | [HTS | 자동 68029263]
[2026-02-14 16:26:25.323] 시스템 상태: WAITING (거래 시간 외)
[2026-02-14 16:26:25.328] 모니터링 완료. 대기 중...
[2026-02-14 16:26:26.281] [Telegram] 전송 성공
[2026-02-14 16:26:40.441] [API] 서버 연결 끊김 감지. 0.5초 후 재시도합니다 (1/1)...
[2026-02-14 16:26:46.060] [API] 서버 연결 끊김 감지. 0.5초 후 재시도합니다 (1/1)...
[2026-02-14 16:26:51.658] [API] 서버 연결 끊김 감지. 0.5초 후 재시도합니다 (1/1)...
[2026-02-14 16:26:57.277] [API] 서버 연결 끊김 감지. 0.5초 후 재시도합니다 (1/1)...
[2026-02-14 16:27:23.261] [API] 서버 연결 끊김 감지. 0.5초 후 재시도합니다 (1/1)...
[2026-02-14 16:27:28.869] [API] 서버 연결 끊김 감지. 0.5초 후 재시도합니다 (1/1)...
[2026-02-14 16:27:44.661] [API] 서버 연결 끊김 감지. 0.5초 후 재시도합니다 (1/1)...
[2026-02-14 16:27:50.278] [API] 서버 연결 끊김 감지. 0.5초 후 재시도합니다 (1/1)...
[2026-02-14 16:27:55.890] [API] 서버 연결 끊김 감지. 0.5초 후 재시도합니다 (1/1)...
[2026-02-14 16:29:26.049] 모니터링 주기 시작...
[2026-02-14 16:29:26.058] 운용 계좌: 68029263 [실전투자(자동)]
[2026-02-14 16:29:26.063] 시스템 상태: WAITING (거래 시간 외)
[2026-02-14 16:29:26.069] 모니터링 완료. 대기 중...
[2026-02-14 16:29:57.195] 시스템 중단
[2026-02-14 16:29:57.395] [Telegram] 메시지 발송: ⚪️ [시스템 종료] 자동매매가 종료되었습니다. | 시작 자산: 4,929,185원 | 종료 자산: 4,929,185원 | 최종 예수금: 1,631원 | 금일 손익: +0원 (+0.00%) |  | 📋 [최종 보유 종목 현황] | • 서울식품 (1주) |   현재가: 144원 | 평가: 144원 |   손익: -1원 (-0.68%) | • 삼성SDI (13주) |   현재가: 374,500원 | 평가: 4,868,500원 |   손익: -6,500원 (-0.13%) | • TIGER 코리아TOP10 (2주) |   현재가: 29,455원 | 평가: 58,910원 |   손익: +2,270원 (+4.00%) |  | [HTS | 자동 68029263]
[2026-02-14 16:29:58.349] [Telegram] 전송 성공
[2026-02-14 17:01:14.639] 시스템 시작 자산: 4,929,185원
[2026-02-14 17:01:14.650] 모니터링 주기 시작...
[2026-02-14 17:01:14.652] 시스템 시작
[2026-02-14 17:01:14.656] [Telegram] 메시지 발송: 🟢 [시스템 시작] 자동매매가 시작되었습니다. | 초기 자산: 4,929,185원 | 현재 예수금: 1,631원 | 현재 평가: 4,927,554원 (손익: -4,231원) |  | 📋 [보유 종목 현황] | • 서울식품 (1주) |   현재가: 144원 | 평가: 144원 |   손익: -1원 (-0.68%) | • 삼성SDI (13주) |   현재가: 374,500원 | 평가: 4,868,500원 |   손익: -6,500원 (-0.13%) | • TIGER 코리아TOP10 (2주) |   현재가: 29,455원 | 평가: 58,910원 |   손익: +2,270원 (+4.00%) |  | [HTS | 자동 68029263]
[2026-02-14 17:01:14.655] 운용 계좌: 68029263 [실전투자(자동)]
[2026-02-14 17:01:14.660] 시스템 상태: WAITING (거래 시간 외)
[2026-02-14 17:01:14.665] 모니터링 완료. 대기 중...
[2026-02-14 17:01:15.704] [Telegram] 전송 성공
[2026-02-14 17:01:39.731] [API] 서버 연결 끊김 감지. 0.5초 후 재시도합니다 (1/3)...
[2026-02-14 17:01:45.342] [API] 서버 연결 끊김 감지. 0.5초 후 재시도합니다 (1/3)...
[2026-02-14 17:01:50.961] [API] 서버 연결 끊김 감지. 0.5초 후 재시도합니다 (1/3)...
[2026-02-14 17:01:56.579] [API] 서버 연결 끊김 감지. 0.5초 후 재시도합니다 (1/3)...
[2026-02-14 17:02:17.510] [API] 서버 연결 끊김 감지. 0.5초 후 재시도합니다 (1/3)...
[2026-02-14 17:02:23.159] [API] 서버 연결 끊김 감지. 0.5초 후 재시도합니다 (1/3)...
[2026-02-14 17:02:28.777] [API] 서버 연결 끊김 감지. 0.5초 후 재시도합니다 (1/3)...
[2026-02-14 17:02:34.408] [API] 서버 연결 끊김 감지. 0.5초 후 재시도합니다 (1/3)...
[2026-02-14 17:02:40.029] [API] 서버 연결 끊김 감지. 0.5초 후 재시도합니다 (1/3)...
[2026-02-14 17:02:50.758] [API] 서버 연결 끊김 감지. 0.5초 후 재시도합니다 (1/3)...
[2026-02-14 17:04:15.393] 모니터링 주기 시작...
[2026-02-14 17:04:15.405] 운용 계좌: 68029263 [실전투자(자동)]
[2026-02-14 17:04:15.412] 시스템 상태: WAITING (거래 시간 외)
[2026-02-14 17:04:15.418] 모니터링 완료. 대기 중...
[2026-02-14 17:07:16.139] 모니터링 주기 시작...
[2026-02-14 17:07:16.146] 운용 계좌: 68029263 [실전투자(자동)]
[2026-02-14 17:07:16.153] 시스템 상태: WAITING (거래 시간 외)
[2026-02-14 17:07:16.158] 모니터링 완료. 대기 중...
[2026-02-14 17:10:16.893] 모니터링 주기 시작...
[2026-02-14 17:10:16.901] 운용 계좌: 68029263 [실전투자(자동)]
[2026-02-14 17:10:16.907] 시스템 상태: WAITING (거래 시간 외)
[2026-02-14 17:10:16.912] 모니터링 완료. 대기 중...
[2026-02-14 17:12:37.519] 시스템 중단
[2026-02-14 17:12:37.734] [Telegram] 메시지 발송: ⚪️ [시스템 종료] 자동매매가 종료되었습니다. | 시작 자산: 4,929,185원 | 종료 자산: 4,929,185원 | 최종 예수금: 1,631원 | 금일 손익: +0원 (+0.00%) |  | 📋 [최종 보유 종목 현황] | • 서울식품 (1주) |   현재가: 144원 | 평가: 144원 |   손익: -1원 (-0.68%) | • 삼성SDI (13주) |   현재가: 374,500원 | 평가: 4,868,500원 |   손익: -6,500원 (-0.13%) | • TIGER 코리아TOP10 (2주) |   현재가: 29,455원 | 평가: 58,910원 |   손익: +2,270원 (+4.00%) |  | [HTS | 자동 68029263]
[2026-02-14 17:12:38.636] [Telegram] 전송 성공
[2026-02-14 17:13:50.810] 시스템 시작 자산: 4,929,185원
[2026-02-14 17:13:50.823] 시스템 시작
[2026-02-14 17:13:50.821] 모니터링 주기 시작...
[2026-02-14 17:13:50.827] 운용 계좌: 68029263 [실전투자(자동)]
[2026-02-14 17:13:50.827] [Telegram] 메시지 발송: 🟢 [시스템 시작] 자동매매가 시작되었습니다. | 초기 자산: 4,929,185원 | 현재 예수금: 1,631원 | 현재 평가: 4,927,554원 (손익: -4,231원) |  | 📋 [보유 종목 현황] | • 서울식품 (1주) |   현재가: 144원 | 평가: 144원 |   손익: -1원 (-0.68%) | • 삼성SDI (13주) |   현재가: 374,500원 | 평가: 4,868,500원 |   손익: -6,500원 (-0.13%) | • TIGER 코리아TOP10 (2주) |   현재가: 29,455원 | 평가: 58,910원 |   손익: +2,270원 (+4.00%) |  | [HTS | 자동 68029263]
[2026-02-14 17:13:50.831] 시스템 상태: WAITING (거래 시간 외)
[2026-02-14 17:13:50.837] 모니터링 완료. 대기 중...
[2026-02-14 17:13:51.831] [Telegram] 전송 성공
[2026-02-14 17:13:59.601] [Telegram] 메시지 발송: 🤖 [시스템 트레이딩 봇 도움말] |  | • /help : 명령어 목록 확인 | • /start : 시스템 트레이딩 시작 | • /stop : 시스템 트레이딩 중단 | • /status : 시스템 트레이딩 상태 조회 | • /market : 주요 시장 지수 현황 | • /signal <종목> : 종목 기술적 분석 및 진단 | • /chart <종목> : 기술적 분석 차트 이미지 전송 | • /stocks : 현재 감시 중인 관심 종목 리스트 | • /config : 현재 매매 전략 설정값 조회 | • /history [개수] : 최근 체결 내역 조회 (기본 10건) | • /log [줄수] : 최근 시스템 로그 조회 (기본 10줄) | • /profit : 금일 실현 손익 조회 | • /balance : 계좌 자산 및 예수금 조회 | • /holdings : 현재 보유 종목 및 수익률 조회 |  | [HTS | 실전 68029263]
[2026-02-14 17:14:00.639] [Telegram] 전송 성공
[2026-02-14 17:14:05.774] [API] 서버 연결 끊김 감지. 0.5초 후 재시도합니다 (1/3)...
[2026-02-14 17:14:16.499] [API] 서버 연결 끊김 감지. 0.5초 후 재시도합니다 (1/3)...
[2026-02-14 17:14:17.189] [Telegram] 메시지 발송: 💰 [금일 실현 손익] | 매수 금액: 0원 | 매도 금액: 0원 | 제비용: 0원 | 실현 손익: ⚪️ +0원 |  | [HTS | 실전 68029263]
[2026-02-14 17:14:18.144] [Telegram] 전송 성공
[2026-02-14 17:14:27.149] [API] 서버 연결 끊김 감지. 0.5초 후 재시도합니다 (1/3)...
[2026-02-14 17:14:32.746] [Telegram] 메시지 발송: 💰 [계좌 자산 현황] | 총 자산: 4,929,185원 | 평가 손익: -4,231원 | ------------------ | 예수금(원화): 0원 | 예수금(외화): 1,631원 | 주문가능(D+2): 0원 | 주식 평가: 4,927,554원 |  | [HTS | 실전 68029263]
[2026-02-14 17:14:33.746] [Telegram] 전송 성공
[2026-02-14 17:14:37.839] [API] 서버 연결 끊김 감지. 0.5초 후 재시도합니다 (1/3)...
[2026-02-14 17:14:43.460] [API] 서버 연결 끊김 감지. 0.5초 후 재시도합니다 (1/3)...
[2026-02-14 17:14:49.082] [API] 서버 연결 끊김 감지. 0.5초 후 재시도합니다 (1/3)...
[2026-02-14 17:15:00.809] [Telegram] 메시지 발송: 📋 [보유 종목 현황] (3종목) |  | 🔵 서울식품 (1주) |    현재: 144원 | 평단: 145원 |    손익: -1원 (-0.68%) | 🔵 삼성SDI (13주) |    현재: 374,500원 | 평단: 375,000원 |    손익: -6,500원 (-0.13%) | 🔴 TIGER 코리아TOP10 (2주) |    현재: 29,455원 | 평단: 28,320원 |    손익: +2,270원 (+4.00%) |  | [HTS | 실전 68029263]
[2026-02-14 17:15:01.769] [Telegram] 전송 성공
[2026-02-14 17:15:20.206] [API] 서버 연결 끊김 감지. 0.5초 후 재시도합니다 (1/3)...
[2026-02-14 17:15:22.978] [Telegram] 메시지 발송: 📊 [시스템 상태: WAITING] | 현재 자산: 4,929,185원 | 누적 손익: +0원 (+0.00%) | 주문 가능: 0원 |  | 📋 [보유 종목 현황] | • 서울식품 (1주) |   현재가: 144원 | 평가: 144원 |   손익: -1원 (-0.68%) | • 삼성SDI (13주) |   현재가: 374,500원 | 평가: 4,868,500원 |   손익: -6,500원 (-0.13%) | • TIGER 코리아TOP10 (2주) |   현재가: 29,455원 | 평가: 58,910원 |   손익: +2,270원 (+4.00%) |  | [HTS | 실전 68029263]
[2026-02-14 17:15:24.000] [Telegram] 전송 성공
[2026-02-14 17:16:25.983] [Telegram] 메시지 발송: ⚙️ [현재 매매 전략 설정] |  | [매수 조건] | • 종합 점수: 8점 이상 | • RSI 상한: 60 미만 |  | [매도 조건] | • 익절(TP): +30.0% | • 손절(SL): -7.0% | • 트레일링 스탑: +10.0% 도달 후 -3.0% 하락 시 | • 과열 매도: RSI 75 초과 | • 추세 이탈: 점수 5점 미만 |  | [기타] | • 종목당 투자비중: 50% |  | [HTS | 실전 68029263]
[2026-02-14 17:16:26.922] [Telegram] 전송 성공
[2026-02-14 17:16:51.532] 모니터링 주기 시작...
[2026-02-14 17:16:51.539] 운용 계좌: 68029263 [실전투자(자동)]
[2026-02-14 17:16:51.546] 시스템 상태: WAITING (거래 시간 외)
[2026-02-14 17:16:51.550] 모니터링 완료. 대기 중...
[2026-02-14 17:19:52.246] 모니터링 주기 시작...
[2026-02-14 17:19:52.258] 운용 계좌: 68029263 [실전투자(자동)]
[2026-02-14 17:19:52.263] 시스템 상태: WAITING (거래 시간 외)
[2026-02-14 17:19:52.269] 모니터링 완료. 대기 중...
[2026-02-14 17:22:17.854] 시스템 중단
[2026-02-14 17:22:18.077] [Telegram] 메시지 발송: ⚪️ [시스템 종료] 자동매매가 종료되었습니다. | 시작 자산: 4,929,185원 | 종료 자산: 4,929,185원 | 최종 예수금: 1,631원 | 금일 손익: +0원 (+0.00%) |  | 📋 [최종 보유 종목 현황] | • 서울식품 (1주) |   현재가: 144원 | 평가: 144원 |   손익: -1원 (-0.68%) | • 삼성SDI (13주) |   현재가: 374,500원 | 평가: 4,868,500원 |   손익: -6,500원 (-0.13%) | • TIGER 코리아TOP10 (2주) |   현재가: 29,455원 | 평가: 58,910원 |   손익: +2,270원 (+4.00%) |  | [HTS | 자동 68029263]
[2026-02-14 17:22:19.199] [Telegram] 전송 성공
[2026-02-14 17:22:30.829] 시스템 시작 자산: 4,929,185원
[2026-02-14 17:22:30.838] 모니터링 주기 시작...
[2026-02-14 17:22:30.840] 시스템 시작
[2026-02-14 17:22:30.844] 운용 계좌: 68029263 [실전투자(자동)]
[2026-02-14 17:22:30.844] [Telegram] 메시지 발송: 🟢 [시스템 시작] 자동매매가 시작되었습니다. | 초기 자산: 4,929,185원 | 현재 예수금: 1,631원 | 현재 평가: 4,927,554원 (손익: -4,231원) |  | 📋 [보유 종목 현황] | • 서울식품 (1주) |   현재가: 144원 | 평가: 144원 |   손익: -1원 (-0.68%) | • 삼성SDI (13주) |   현재가: 374,500원 | 평가: 4,868,500원 |   손익: -6,500원 (-0.13%) | • TIGER 코리아TOP10 (2주) |   현재가: 29,455원 | 평가: 58,910원 |   손익: +2,270원 (+4.00%) |  | [HTS | 자동 68029263]
[2026-02-14 17:22:30.848] 시스템 상태: WAITING (거래 시간 외)
[2026-02-14 17:22:30.854] 모니터링 완료. 대기 중...
[2026-02-14 17:22:31.760] [Telegram] 전송 성공
[2026-02-14 17:22:50.854] [API] 서버 연결 끊김 감지. 0.5초 후 재시도합니다 (1/3)...
[2026-02-14 17:23:06.663] [API] 서버 연결 끊김 감지. 0.5초 후 재시도합니다 (1/3)...
[2026-02-14 17:23:12.276] [API] 서버 연결 끊김 감지. 0.5초 후 재시도합니다 (1/3)...
[2026-02-14 17:23:17.884] [API] 서버 연결 끊김 감지. 0.5초 후 재시도합니다 (1/3)...
[2026-02-14 17:23:28.594] [API] 서버 연결 끊김 감지. 0.5초 후 재시도합니다 (1/3)...
[2026-02-14 17:23:39.306] [API] 서버 연결 끊김 감지. 0.5초 후 재시도합니다 (1/3)...
[2026-02-14 17:23:50.013] [API] 서버 연결 끊김 감지. 0.5초 후 재시도합니다 (1/3)...
[2026-02-14 17:23:55.663] [API] 서버 연결 끊김 감지. 0.5초 후 재시도합니다 (1/3)...
[2026-02-14 17:23:56.970] [Telegram] 메시지 발송: 🤖 [시스템 트레이딩 봇 도움말] |  | • /help : 명령어 목록 확인 | • /start : 시스템 트레이딩 시작 | • /stop : 시스템 트레이딩 중단 | • /status : 시스템 트레이딩 상태 조회 | • /market : 주요 시장 지수 현황 | • /signal <종목> : 종목 기술적 분석 및 진단 | • /chart <종목> : 기술적 분석 차트 이미지 전송 | • /stocks : 현재 감시 중인 관심 종목 리스트 | • /config : 현재 매매 전략 설정값 조회 | • /history [개수] : 최근 체결 내역 조회 (기본 10건) | • /log [줄수] : 최근 시스템 로그 조회 (기본 10줄) | • /profit : 금일 실현 손익 조회 | • /balance : 계좌 자산 및 예수금 조회 | • /holdings : 현재 보유 종목 및 수익률 조회 |  | [HTS | 실전 68029263]
[2026-02-14 17:23:57.942] [Telegram] 전송 성공
[2026-02-14 17:24:06.381] [API] 서버 연결 끊김 감지. 0.5초 후 재시도합니다 (1/3)...
[2026-02-14 17:25:04.578] [Telegram] 메시지 발송: 💰 [금일 실현 손익] | 매수 금액: 0원 | 매도 금액: 0원 | 제비용: 0원 | 실현 손익: ⚪️ +0원 |  | [HTS | 실전 68029263]
[2026-02-14 17:25:05.502] [Telegram] 전송 성공
[2026-02-14 17:25:11.353] [Telegram] 메시지 발송: 💰 [계좌 자산 현황] | 총 자산: 4,929,185원 | 평가 손익: -4,231원 | ------------------ | 예수금(원화): 0원 | 예수금(외화): 1,631원 | 주문가능(D+2): 0원 | 주식 평가: 4,927,554원 |  | [HTS | 실전 68029263]
[2026-02-14 17:25:12.291] [Telegram] 전송 성공
[2026-02-14 17:25:22.654] [Telegram] 메시지 발송: 📋 [보유 종목 현황] (3종목) |  | 🔵 서울식품 (1주) |    현재: 144원 | 평단: 145원 |    손익: -1원 (-0.68%) | 🔵 삼성SDI (13주) |    현재: 374,500원 | 평단: 375,000원 |    손익: -6,500원 (-0.13%) | 🔴 TIGER 코리아TOP10 (2주) |    현재: 29,455원 | 평단: 28,320원 |    손익: +2,270원 (+4.00%) |  | [HTS | 실전 68029263]
[2026-02-14 17:25:23.581] [Telegram] 전송 성공
[2026-02-14 17:25:31.597] 모니터링 주기 시작...
[2026-02-14 17:25:31.607] 운용 계좌: 68029263 [실전투자(자동)]
[2026-02-14 17:25:31.615] 시스템 상태: WAITING (거래 시간 외)
[2026-02-14 17:25:31.622] 모니터링 완료. 대기 중...
[2026-02-14 17:26:52.887] [Telegram] 메시지 발송: 🤖 [시스템 트레이딩 봇 도움말] |  | • /help : 명령어 목록 확인 | • /start : 시스템 트레이딩 시작 | • /stop : 시스템 트레이딩 중단 | • /status : 시스템 트레이딩 상태 조회 | • /market : 주요 시장 지수 현황 | • /signal <종목> : 종목 기술적 분석 및 진단 | • /chart <종목> : 기술적 분석 차트 이미지 전송 | • /stocks : 현재 감시 중인 관심 종목 리스트 | • /config : 현재 매매 전략 설정값 조회 | • /history [개수] : 최근 체결 내역 조회 (기본 10건) | • /log [줄수] : 최근 시스템 로그 조회 (기본 10줄) | • /profit : 금일 실현 손익 조회 | • /balance : 계좌 자산 및 예수금 조회 | • /holdings : 현재 보유 종목 및 수익률 조회 |  | [HTS | 실전 68029263]
[2026-02-14 17:26:53.966] [Telegram] 전송 성공
[2026-02-14 17:26:56.060] [Telegram] 메시지 발송: 🟢 [시스템 상태: 실행 중] | • 운용 계좌: 68029263 (자동) |  | ⚙️ [매매 전략 설정] |  | [매수 조건] | • 종합 점수: 8점 이상 | • RSI 상한: 60 미만 |  | [매도 조건] | • 익절(TP): +30.0% | • 손절(SL): -7.0% | • 트레일링 스탑: +10.0% 도달 후 -3.0% 하락 시 | • 과열 매도: RSI 75 초과 | • 추세 이탈: 점수 5점 미만 |  | [기타] | • 종목당 투자비중: 50% |  | [HTS | 실전 68029263]
[2026-02-14 17:26:56.997] [Telegram] 전송 성공
[2026-02-14 17:27:09.281] [Telegram] 메시지 발송: 📊 [시스템 상태: WAITING] | 현재 자산: 4,929,185원 | 누적 손익: +0원 (+0.00%) | 주문 가능: 0원 |  | 📋 [보유 종목 현황] | • 서울식품 (1주) |   현재가: 144원 | 평가: 144원 |   손익: -1원 (-0.68%) | • 삼성SDI (13주) |   현재가: 374,500원 | 평가: 4,868,500원 |   손익: -6,500원 (-0.13%) | • TIGER 코리아TOP10 (2주) |   현재가: 29,455원 | 평가: 58,910원 |   손익: +2,270원 (+4.00%) |  | [HTS | 실전 68029263]
[2026-02-14 17:27:10.313] [Telegram] 전송 성공
[2026-02-14 17:28:32.350] 모니터링 주기 시작...
[2026-02-14 17:28:32.361] 운용 계좌: 68029263 [실전투자(자동)]
[2026-02-14 17:28:32.367] 시스템 상태: WAITING (거래 시간 외)
[2026-02-14 17:28:32.374] 모니터링 완료. 대기 중...
[2026-02-14 17:31:24.077] 시스템 중단
[2026-02-14 17:31:24.310] [Telegram] 메시지 발송: ⚪️ [시스템 종료] 자동매매가 종료되었습니다. | 시작 자산: 4,929,185원 | 종료 자산: 4,929,185원 | 최종 예수금: 1,631원 | 금일 손익: +0원 (+0.00%) |  | 📋 [최종 보유 종목 현황] | • 서울식품 (1주) |   현재가: 144원 | 평가: 144원 |   손익: -1원 (-0.68%) | • 삼성SDI (13주) |   현재가: 374,500원 | 평가: 4,868,500원 |   손익: -6,500원 (-0.13%) | • TIGER 코리아TOP10 (2주) |   현재가: 29,455원 | 평가: 58,910원 |   손익: +2,270원 (+4.00%) |  | [HTS | 자동 68029263]
[2026-02-14 17:31:25.242] [Telegram] 전송 성공
[2026-02-14 17:32:23.096] 시스템 시작 자산: 4,929,185원
[2026-02-14 17:32:23.106] 시스템 시작
[2026-02-14 17:32:23.105] 모니터링 주기 시작...
[2026-02-14 17:32:23.112] 운용 계좌: 68029263 [실전투자(자동)]
[2026-02-14 17:32:23.119] 시스템 상태: WAITING (거래 시간 외)
[2026-02-14 17:32:23.125] 모니터링 완료. 대기 중...
[2026-02-14 17:32:38.053] [API] 서버 연결 끊김 감지. 0.5초 후 재시도합니다 (1/3)...
[2026-02-14 17:32:48.761] [API] 서버 연결 끊김 감지. 0.5초 후 재시도합니다 (1/3)...
[2026-02-14 17:32:54.392] [API] 서버 연결 끊김 감지. 0.5초 후 재시도합니다 (1/3)...
[2026-02-14 17:33:00.012] [API] 서버 연결 끊김 감지. 0.5초 후 재시도합니다 (1/3)...
[2026-02-14 17:33:26.017] [API] 서버 연결 끊김 감지. 0.5초 후 재시도합니다 (1/3)...
[2026-02-14 17:33:31.638] [API] 서버 연결 끊김 감지. 0.5초 후 재시도합니다 (1/3)...
[2026-02-14 17:33:37.258] [API] 서버 연결 끊김 감지. 0.5초 후 재시도합니다 (1/3)...
[2026-02-14 17:33:42.890] [API] 서버 연결 끊김 감지. 0.5초 후 재시도합니다 (1/3)...
[2026-02-14 17:33:48.528] [API] 서버 연결 끊김 감지. 0.5초 후 재시도합니다 (1/3)...
[2026-02-14 17:34:15.586] 시스템 중단
[2026-02-14 17:36:42.305] 시스템 시작
[2026-02-14 17:36:42.303] 모니터링 주기 시작...
[2026-02-14 17:36:42.312] 운용 계좌: 50158781 [모의투자]
[2026-02-14 17:36:42.400] 시스템 상태: WAITING (거래 시간 외)
[2026-02-14 17:36:42.405] 모니터링 완료. 대기 중...
[2026-02-14 17:38:22.830] 시스템 중단
[2026-02-14 17:38:23.552] [API] 잔고 조회 실패:  ()
[2026-02-14 17:38:33.253] 시스템 시작 자산: 4,929,185원
[2026-02-14 17:38:33.260] 시스템 시작
[2026-02-14 17:38:33.259] 모니터링 주기 시작...
[2026-02-14 17:38:33.265] 운용 계좌: 68029263 [실전투자(자동)]
[2026-02-14 17:38:33.271] 시스템 상태: WAITING (거래 시간 외)
[2026-02-14 17:38:33.275] 모니터링 완료. 대기 중...
[2026-02-14 17:41:34.008] 모니터링 주기 시작...
[2026-02-14 17:41:34.010] 운용 계좌: 68029263 [실전투자(자동)]
[2026-02-14 17:41:34.016] 시스템 상태: WAITING (거래 시간 외)
[2026-02-14 17:41:34.021] 모니터링 완료. 대기 중...
[2026-02-14 17:43:23.474] 시스템 중단
[2026-02-14 17:43:36.172] 시스템 시작 자산: 4,929,185원
[2026-02-14 17:43:36.184] 모니터링 주기 시작...
[2026-02-14 17:43:36.185] 시스템 시작
[2026-02-14 17:43:36.191] 운용 계좌: 68029263 [실전투자(자동)]
[2026-02-14 17:43:36.196] 시스템 상태: WAITING (거래 시간 외)
[2026-02-14 17:43:36.201] 모니터링 완료. 대기 중...
[2026-02-14 17:46:36.938] 모니터링 주기 시작...
[2026-02-14 17:46:36.942] 운용 계좌: 68029263 [실전투자(자동)]
[2026-02-14 17:46:36.951] 시스템 상태: WAITING (거래 시간 외)
[2026-02-14 17:46:36.958] 모니터링 완료. 대기 중...
[2026-02-14 17:49:37.702] 모니터링 주기 시작...
[2026-02-14 17:49:37.742] 운용 계좌: 68029263 [실전투자(자동)]
[2026-02-14 17:49:37.747] 시스템 상태: WAITING (거래 시간 외)
[2026-02-14 17:49:37.752] 모니터링 완료. 대기 중...
[2026-02-14 17:52:38.523] 모니터링 주기 시작...
[2026-02-14 17:52:38.530] 운용 계좌: 68029263 [실전투자(자동)]
[2026-02-14 17:52:38.534] 시스템 상태: WAITING (거래 시간 외)
[2026-02-14 17:52:38.539] 모니터링 완료. 대기 중...
[2026-02-14 17:55:39.261] 모니터링 주기 시작...
[2026-02-14 17:55:39.273] 운용 계좌: 68029263 [실전투자(자동)]
[2026-02-14 17:55:39.277] 시스템 상태: WAITING (거래 시간 외)
[2026-02-14 17:55:39.283] 모니터링 완료. 대기 중...
[2026-02-14 17:57:12.662] 시스템 중단
[2026-02-14 18:19:27.359] 시스템 시작 자산: 4,929,185원
[2026-02-14 18:19:27.374] 시스템 시작
[2026-02-14 18:19:27.372] 모니터링 주기 시작...
[2026-02-14 18:19:27.378] 운용 계좌: 68029263 [실전투자(자동)]
[2026-02-14 18:19:27.383] 시스템 상태: WAITING (거래 시간 외)
[2026-02-14 18:19:27.391] 모니터링 완료. 대기 중...
[2026-02-14 18:19:33.423] 시스템 중단
[2026-02-14 18:26:09.455] 모니터링 주기 시작...
[2026-02-14 18:26:09.456] 시스템 시작
[2026-02-14 18:26:09.463] 운용 계좌: 50158781 [모의투자]
[2026-02-14 18:26:09.470] 시스템 상태: WAITING (거래 시간 외)
[2026-02-14 18:26:09.476] 모니터링 완료. 대기 중...
[2026-02-14 18:27:36.827] 시스템 중단
[2026-02-14 18:27:44.009] [API] 잔고 조회 실패:  ()
[2026-02-14 18:27:53.091] 시스템 시작 자산: 4,929,185원
[2026-02-14 18:27:53.099] 모니터링 주기 시작...
[2026-02-14 18:27:53.101] 시스템 시작
[2026-02-14 18:27:53.106] 운용 계좌: 68029263 [실전투자(자동)]
[2026-02-14 18:27:53.113] 시스템 상태: WAITING (거래 시간 외)
[2026-02-14 18:27:53.119] 모니터링 완료. 대기 중...
[2026-02-14 18:28:00.153] 시스템 중단
[2026-02-14 18:38:25.135] 모니터링 주기 시작...
[2026-02-14 18:38:25.137] 시스템 시작
[2026-02-14 18:38:25.145] 운용 계좌: 50158781 [모의투자]
[2026-02-14 18:38:25.152] 시스템 상태: WAITING (거래 시간 외)
[2026-02-14 18:38:25.157] 모니터링 완료. 대기 중...
[2026-02-14 18:38:31.182] 시스템 중단
[2026-02-14 18:38:34.484] [API] 잔고 조회 실패:  ()
[2026-02-14 18:38:42.137] [API] 잔고 조회 실패:  ()
[2026-02-14 18:47:52.788] 시스템 시작 자산: 13,787,314원
[2026-02-14 18:47:52.802] 시스템 시작
[2026-02-14 18:47:52.800] 모니터링 주기 시작...
[2026-02-14 18:47:52.808] 운용 계좌: 50158781 [모의투자]
[2026-02-14 18:47:52.816] 시스템 상태: WAITING (거래 시간 외)
[2026-02-14 18:47:52.822] 모니터링 완료. 대기 중...
[2026-02-14 18:48:00.866] 시스템 중단
[2026-02-14 18:48:01.509] [API] 서버 동기화 지연 감지(OPSQ2000). 5.0초 대기 후 재시도합니다...
